Loading required package: usethis
Loading required package: usethis
* using log directory ‘/home/pacha/Documents/httpuv/httpuv.Rcheck’
* using R version 4.6.0 (2026-04-24)
* using platform: x86_64-pc-linux-gnu
* R was compiled by
    gcc (GCC) 15.2.1 20260209
    GNU Fortran (GCC) 15.2.1 20260209
* running under: Manjaro Linux
* using session charset: UTF-8
* current time: 2026-05-13 23:42:51 UTC
* using options ‘--no-manual --as-cran’
* checking for file ‘httpuv/DESCRIPTION’ ... OK
* checking extension type ... Package
* this is package ‘httpuv’ version ‘1.6.16.9000’
* package encoding: UTF-8
* checking CRAN incoming feasibility ... [8s/16s] WARNING
Maintainer: ‘Winston Chang <winston@posit.co>’

Insufficient package version (submitted: 1.6.16.9000, existing: 1.6.17)
Version contains large components (1.6.16.9000)
* checking package namespace information ... OK
* checking package dependencies ... OK
* checking if this is a source package ... OK
* checking if there is a namespace ... OK
* checking for executable files ... OK
* checking for hidden files and directories ... OK
* checking for portable file names ... OK
* checking for sufficient/correct file permissions ... OK
* checking serialization versions ... OK
* checking whether package ‘httpuv’ can be installed ... [78s/79s] OK
* used C compiler: ‘clang version 22.1.3’
* used C++ compiler: ‘clang version 22.1.3’
* checking installed package size ... OK
* checking package directory ... OK
* checking for future file timestamps ... OK
* checking DESCRIPTION meta-information ... OK
* checking top-level files ... NOTE
Non-standard file/directory found at top level:
  ‘check-gcc-clang’
* checking for left-over files ... OK
* checking index information ... OK
* checking package subdirectories ... OK
* checking code files for non-ASCII characters ... OK
* checking R files for syntax errors ... OK
* checking whether the package can be loaded ... OK
* checking whether the package can be loaded with stated dependencies ... OK
* checking whether the package can be unloaded cleanly ... OK
* checking whether the namespace can be loaded with stated dependencies ... OK
* checking whether the namespace can be unloaded cleanly ... OK
* checking loading without being on the library search path ... OK
* checking use of S3 registration ... OK
* checking dependencies in R code ... OK
* checking S3 generic/method consistency ... OK
* checking replacement functions ... OK
* checking foreign function calls ... OK
* checking R code for possible problems ... OK
* checking Rd files ... OK
* checking Rd metadata ... OK
* checking Rd line widths ... OK
* checking Rd cross-references ... OK
* checking for missing documentation entries ... OK
* checking for code/documentation mismatches ... OK
* checking Rd \usage sections ... OK
* checking Rd contents ... OK
* checking for unstated dependencies in examples ... OK
* checking line endings in shell scripts ... OK
* checking line endings in C/C++/Fortran sources/headers ... OK
* checking line endings in Makefiles ... OK
* checking compilation flags in Makevars ... OK
* checking for GNU extensions in Makefiles ... INFO
GNU make is a SystemRequirements.
* checking for portable use of $(BLAS_LIBS) and $(LAPACK_LIBS) ... OK
* checking use of PKG_*FLAGS in Makefiles ... OK
* checking use of SHLIB_OPENMP_*FLAGS in Makefiles ... OK
* checking include directives in Makefiles ... OK
* checking pragmas in C/C++ headers and code ... NOTE
File which contains pragma(s) suppressing diagnostics:
  ‘src/libuv/test/task.h’
* checking compilation flags used ... NOTE
Compilation used the following non-portable flag(s):
  ‘-Werror=format-security’ ‘-Wformat’ ‘-Wp,-D_FORTIFY_SOURCE=3’
  ‘-Wp,-D_GLIBCXX_ASSERTIONS’ ‘-march=x86-64’
  ‘-mno-omit-leaf-frame-pointer’
* checking compiled code ... OK
* checking examples ... OK
* checking for unstated dependencies in ‘demo’ ... OK
* checking for unstated dependencies in ‘tests’ ... OK
* checking tests ...
  Running ‘testthat.R’ [23s/23s]
 [23s/23s] OK
* checking for non-standard things in the check directory ... OK
* checking for detritus in the temp directory ... OK
* DONE

Status: 1 WARNING, 3 NOTEs
See
  ‘/home/pacha/Documents/httpuv/httpuv.Rcheck/00check.log’
for details.

=== BEGIN 00install.out ===
Loading required package: usethis
* installing *source* package ‘httpuv’ ...
** this is package ‘httpuv’ version ‘1.6.16.9000’
** using staged installation
** Using libuv found by pkg-config in /usr
** PKG_CFLAGS=
** PKG_LIBS=-luv
** libs
using C compiler: ‘clang version 22.1.3’
using C++ compiler: ‘clang version 22.1.3’
make[1]: Entering directory '/home/pacha/Documents/httpuv/httpuv.Rcheck/00_pkg_src/httpuv/src'
clang++ -I"/usr/include/R/" -DNDEBUG -pthread -I'/home/pacha/R/x86_64-pc-linux-gnu-library/4.6/later/include' -I'/home/pacha/R/x86_64-pc-linux-gnu-library/4.6/cpp11/include' -I/usr/local/include   -fvisibility=hidden -DSTRICT_R_HEADERS -fpic  -march=x86-64 -mtune=generic -O2 -pipe -fno-plt -fexceptions         -Wp,-D_FORTIFY_SOURCE=3 -Wformat -Werror=format-security         -fstack-clash-protection -fcf-protection         -fno-omit-frame-pointer -mno-omit-leaf-frame-pointer -Wp,-D_GLIBCXX_ASSERTIONS -g -ffile-prefix-map=/build/r/src=/usr/src/debug/r -flto=auto -ffat-lto-objects   -c callback.cpp -o callback.o
clang++ -I"/usr/include/R/" -DNDEBUG -pthread -I'/home/pacha/R/x86_64-pc-linux-gnu-library/4.6/later/include' -I'/home/pacha/R/x86_64-pc-linux-gnu-library/4.6/cpp11/include' -I/usr/local/include   -fvisibility=hidden -DSTRICT_R_HEADERS -fpic  -march=x86-64 -mtune=generic -O2 -pipe -fno-plt -fexceptions         -Wp,-D_FORTIFY_SOURCE=3 -Wformat -Werror=format-security         -fstack-clash-protection -fcf-protection         -fno-omit-frame-pointer -mno-omit-leaf-frame-pointer -Wp,-D_GLIBCXX_ASSERTIONS -g -ffile-prefix-map=/build/r/src=/usr/src/debug/r -flto=auto -ffat-lto-objects   -c callbackqueue.cpp -o callbackqueue.o
clang++ -I"/usr/include/R/" -DNDEBUG -pthread -I'/home/pacha/R/x86_64-pc-linux-gnu-library/4.6/later/include' -I'/home/pacha/R/x86_64-pc-linux-gnu-library/4.6/cpp11/include' -I/usr/local/include   -fvisibility=hidden -DSTRICT_R_HEADERS -fpic  -march=x86-64 -mtune=generic -O2 -pipe -fno-plt -fexceptions         -Wp,-D_FORTIFY_SOURCE=3 -Wformat -Werror=format-security         -fstack-clash-protection -fcf-protection         -fno-omit-frame-pointer -mno-omit-leaf-frame-pointer -Wp,-D_GLIBCXX_ASSERTIONS -g -ffile-prefix-map=/build/r/src=/usr/src/debug/r -flto=auto -ffat-lto-objects   -c cpp11.cpp -o cpp11.o
clang++ -I"/usr/include/R/" -DNDEBUG -pthread -I'/home/pacha/R/x86_64-pc-linux-gnu-library/4.6/later/include' -I'/home/pacha/R/x86_64-pc-linux-gnu-library/4.6/cpp11/include' -I/usr/local/include   -fvisibility=hidden -DSTRICT_R_HEADERS -fpic  -march=x86-64 -mtune=generic -O2 -pipe -fno-plt -fexceptions         -Wp,-D_FORTIFY_SOURCE=3 -Wformat -Werror=format-security         -fstack-clash-protection -fcf-protection         -fno-omit-frame-pointer -mno-omit-leaf-frame-pointer -Wp,-D_GLIBCXX_ASSERTIONS -g -ffile-prefix-map=/build/r/src=/usr/src/debug/r -flto=auto -ffat-lto-objects   -c filedatasource-unix.cpp -o filedatasource-unix.o
clang++ -I"/usr/include/R/" -DNDEBUG -pthread -I'/home/pacha/R/x86_64-pc-linux-gnu-library/4.6/later/include' -I'/home/pacha/R/x86_64-pc-linux-gnu-library/4.6/cpp11/include' -I/usr/local/include   -fvisibility=hidden -DSTRICT_R_HEADERS -fpic  -march=x86-64 -mtune=generic -O2 -pipe -fno-plt -fexceptions         -Wp,-D_FORTIFY_SOURCE=3 -Wformat -Werror=format-security         -fstack-clash-protection -fcf-protection         -fno-omit-frame-pointer -mno-omit-leaf-frame-pointer -Wp,-D_GLIBCXX_ASSERTIONS -g -ffile-prefix-map=/build/r/src=/usr/src/debug/r -flto=auto -ffat-lto-objects   -c filedatasource-win.cpp -o filedatasource-win.o
clang++ -I"/usr/include/R/" -DNDEBUG -pthread -I'/home/pacha/R/x86_64-pc-linux-gnu-library/4.6/later/include' -I'/home/pacha/R/x86_64-pc-linux-gnu-library/4.6/cpp11/include' -I/usr/local/include   -fvisibility=hidden -DSTRICT_R_HEADERS -fpic  -march=x86-64 -mtune=generic -O2 -pipe -fno-plt -fexceptions         -Wp,-D_FORTIFY_SOURCE=3 -Wformat -Werror=format-security         -fstack-clash-protection -fcf-protection         -fno-omit-frame-pointer -mno-omit-leaf-frame-pointer -Wp,-D_GLIBCXX_ASSERTIONS -g -ffile-prefix-map=/build/r/src=/usr/src/debug/r -flto=auto -ffat-lto-objects   -c fs.cpp -o fs.o
clang++ -I"/usr/include/R/" -DNDEBUG -pthread -I'/home/pacha/R/x86_64-pc-linux-gnu-library/4.6/later/include' -I'/home/pacha/R/x86_64-pc-linux-gnu-library/4.6/cpp11/include' -I/usr/local/include   -fvisibility=hidden -DSTRICT_R_HEADERS -fpic  -march=x86-64 -mtune=generic -O2 -pipe -fno-plt -fexceptions         -Wp,-D_FORTIFY_SOURCE=3 -Wformat -Werror=format-security         -fstack-clash-protection -fcf-protection         -fno-omit-frame-pointer -mno-omit-leaf-frame-pointer -Wp,-D_GLIBCXX_ASSERTIONS -g -ffile-prefix-map=/build/r/src=/usr/src/debug/r -flto=auto -ffat-lto-objects   -c gzipdatasource.cpp -o gzipdatasource.o
clang++ -I"/usr/include/R/" -DNDEBUG -pthread -I'/home/pacha/R/x86_64-pc-linux-gnu-library/4.6/later/include' -I'/home/pacha/R/x86_64-pc-linux-gnu-library/4.6/cpp11/include' -I/usr/local/include   -fvisibility=hidden -DSTRICT_R_HEADERS -fpic  -march=x86-64 -mtune=generic -O2 -pipe -fno-plt -fexceptions         -Wp,-D_FORTIFY_SOURCE=3 -Wformat -Werror=format-security         -fstack-clash-protection -fcf-protection         -fno-omit-frame-pointer -mno-omit-leaf-frame-pointer -Wp,-D_GLIBCXX_ASSERTIONS -g -ffile-prefix-map=/build/r/src=/usr/src/debug/r -flto=auto -ffat-lto-objects   -c http.cpp -o http.o
clang++ -I"/usr/include/R/" -DNDEBUG -pthread -I'/home/pacha/R/x86_64-pc-linux-gnu-library/4.6/later/include' -I'/home/pacha/R/x86_64-pc-linux-gnu-library/4.6/cpp11/include' -I/usr/local/include   -fvisibility=hidden -DSTRICT_R_HEADERS -fpic  -march=x86-64 -mtune=generic -O2 -pipe -fno-plt -fexceptions         -Wp,-D_FORTIFY_SOURCE=3 -Wformat -Werror=format-security         -fstack-clash-protection -fcf-protection         -fno-omit-frame-pointer -mno-omit-leaf-frame-pointer -Wp,-D_GLIBCXX_ASSERTIONS -g -ffile-prefix-map=/build/r/src=/usr/src/debug/r -flto=auto -ffat-lto-objects   -c httprequest.cpp -o httprequest.o
clang++ -I"/usr/include/R/" -DNDEBUG -pthread -I'/home/pacha/R/x86_64-pc-linux-gnu-library/4.6/later/include' -I'/home/pacha/R/x86_64-pc-linux-gnu-library/4.6/cpp11/include' -I/usr/local/include   -fvisibility=hidden -DSTRICT_R_HEADERS -fpic  -march=x86-64 -mtune=generic -O2 -pipe -fno-plt -fexceptions         -Wp,-D_FORTIFY_SOURCE=3 -Wformat -Werror=format-security         -fstack-clash-protection -fcf-protection         -fno-omit-frame-pointer -mno-omit-leaf-frame-pointer -Wp,-D_GLIBCXX_ASSERTIONS -g -ffile-prefix-map=/build/r/src=/usr/src/debug/r -flto=auto -ffat-lto-objects   -c httpresponse.cpp -o httpresponse.o
clang++ -I"/usr/include/R/" -DNDEBUG -pthread -I'/home/pacha/R/x86_64-pc-linux-gnu-library/4.6/later/include' -I'/home/pacha/R/x86_64-pc-linux-gnu-library/4.6/cpp11/include' -I/usr/local/include   -fvisibility=hidden -DSTRICT_R_HEADERS -fpic  -march=x86-64 -mtune=generic -O2 -pipe -fno-plt -fexceptions         -Wp,-D_FORTIFY_SOURCE=3 -Wformat -Werror=format-security         -fstack-clash-protection -fcf-protection         -fno-omit-frame-pointer -mno-omit-leaf-frame-pointer -Wp,-D_GLIBCXX_ASSERTIONS -g -ffile-prefix-map=/build/r/src=/usr/src/debug/r -flto=auto -ffat-lto-objects   -c httpuv.cpp -o httpuv.o
clang -I"/usr/include/R/" -DNDEBUG -pthread -I'/home/pacha/R/x86_64-pc-linux-gnu-library/4.6/later/include' -I'/home/pacha/R/x86_64-pc-linux-gnu-library/4.6/cpp11/include' -I/usr/local/include   -fvisibility=hidden -DSTRICT_R_HEADERS -fpic  -march=x86-64 -mtune=generic -O2 -pipe -fno-plt -fexceptions         -Wp,-D_FORTIFY_SOURCE=3 -Wformat -Werror=format-security         -fstack-clash-protection -fcf-protection         -fno-omit-frame-pointer -mno-omit-leaf-frame-pointer -g -ffile-prefix-map=/build/r/src=/usr/src/debug/r -flto=auto -ffat-lto-objects  -c md5.c -o md5.o
clang++ -I"/usr/include/R/" -DNDEBUG -pthread -I'/home/pacha/R/x86_64-pc-linux-gnu-library/4.6/later/include' -I'/home/pacha/R/x86_64-pc-linux-gnu-library/4.6/cpp11/include' -I/usr/local/include   -fvisibility=hidden -DSTRICT_R_HEADERS -fpic  -march=x86-64 -mtune=generic -O2 -pipe -fno-plt -fexceptions         -Wp,-D_FORTIFY_SOURCE=3 -Wformat -Werror=format-security         -fstack-clash-protection -fcf-protection         -fno-omit-frame-pointer -mno-omit-leaf-frame-pointer -Wp,-D_GLIBCXX_ASSERTIONS -g -ffile-prefix-map=/build/r/src=/usr/src/debug/r -flto=auto -ffat-lto-objects   -c mime.cpp -o mime.o
clang++ -I"/usr/include/R/" -DNDEBUG -pthread -I'/home/pacha/R/x86_64-pc-linux-gnu-library/4.6/later/include' -I'/home/pacha/R/x86_64-pc-linux-gnu-library/4.6/cpp11/include' -I/usr/local/include   -fvisibility=hidden -DSTRICT_R_HEADERS -fpic  -march=x86-64 -mtune=generic -O2 -pipe -fno-plt -fexceptions         -Wp,-D_FORTIFY_SOURCE=3 -Wformat -Werror=format-security         -fstack-clash-protection -fcf-protection         -fno-omit-frame-pointer -mno-omit-leaf-frame-pointer -Wp,-D_GLIBCXX_ASSERTIONS -g -ffile-prefix-map=/build/r/src=/usr/src/debug/r -flto=auto -ffat-lto-objects   -c socket.cpp -o socket.o
clang++ -I"/usr/include/R/" -DNDEBUG -pthread -I'/home/pacha/R/x86_64-pc-linux-gnu-library/4.6/later/include' -I'/home/pacha/R/x86_64-pc-linux-gnu-library/4.6/cpp11/include' -I/usr/local/include   -fvisibility=hidden -DSTRICT_R_HEADERS -fpic  -march=x86-64 -mtune=generic -O2 -pipe -fno-plt -fexceptions         -Wp,-D_FORTIFY_SOURCE=3 -Wformat -Werror=format-security         -fstack-clash-protection -fcf-protection         -fno-omit-frame-pointer -mno-omit-leaf-frame-pointer -Wp,-D_GLIBCXX_ASSERTIONS -g -ffile-prefix-map=/build/r/src=/usr/src/debug/r -flto=auto -ffat-lto-objects   -c staticpath.cpp -o staticpath.o
clang++ -I"/usr/include/R/" -DNDEBUG -pthread -I'/home/pacha/R/x86_64-pc-linux-gnu-library/4.6/later/include' -I'/home/pacha/R/x86_64-pc-linux-gnu-library/4.6/cpp11/include' -I/usr/local/include   -fvisibility=hidden -DSTRICT_R_HEADERS -fpic  -march=x86-64 -mtune=generic -O2 -pipe -fno-plt -fexceptions         -Wp,-D_FORTIFY_SOURCE=3 -Wformat -Werror=format-security         -fstack-clash-protection -fcf-protection         -fno-omit-frame-pointer -mno-omit-leaf-frame-pointer -Wp,-D_GLIBCXX_ASSERTIONS -g -ffile-prefix-map=/build/r/src=/usr/src/debug/r -flto=auto -ffat-lto-objects   -c thread.cpp -o thread.o
clang++ -I"/usr/include/R/" -DNDEBUG -pthread -I'/home/pacha/R/x86_64-pc-linux-gnu-library/4.6/later/include' -I'/home/pacha/R/x86_64-pc-linux-gnu-library/4.6/cpp11/include' -I/usr/local/include   -fvisibility=hidden -DSTRICT_R_HEADERS -fpic  -march=x86-64 -mtune=generic -O2 -pipe -fno-plt -fexceptions         -Wp,-D_FORTIFY_SOURCE=3 -Wformat -Werror=format-security         -fstack-clash-protection -fcf-protection         -fno-omit-frame-pointer -mno-omit-leaf-frame-pointer -Wp,-D_GLIBCXX_ASSERTIONS -g -ffile-prefix-map=/build/r/src=/usr/src/debug/r -flto=auto -ffat-lto-objects   -c timegm.cpp -o timegm.o
clang++ -I"/usr/include/R/" -DNDEBUG -pthread -I'/home/pacha/R/x86_64-pc-linux-gnu-library/4.6/later/include' -I'/home/pacha/R/x86_64-pc-linux-gnu-library/4.6/cpp11/include' -I/usr/local/include   -fvisibility=hidden -DSTRICT_R_HEADERS -fpic  -march=x86-64 -mtune=generic -O2 -pipe -fno-plt -fexceptions         -Wp,-D_FORTIFY_SOURCE=3 -Wformat -Werror=format-security         -fstack-clash-protection -fcf-protection         -fno-omit-frame-pointer -mno-omit-leaf-frame-pointer -Wp,-D_GLIBCXX_ASSERTIONS -g -ffile-prefix-map=/build/r/src=/usr/src/debug/r -flto=auto -ffat-lto-objects   -c utils.cpp -o utils.o
clang++ -I"/usr/include/R/" -DNDEBUG -pthread -I'/home/pacha/R/x86_64-pc-linux-gnu-library/4.6/later/include' -I'/home/pacha/R/x86_64-pc-linux-gnu-library/4.6/cpp11/include' -I/usr/local/include   -fvisibility=hidden -DSTRICT_R_HEADERS -fpic  -march=x86-64 -mtune=generic -O2 -pipe -fno-plt -fexceptions         -Wp,-D_FORTIFY_SOURCE=3 -Wformat -Werror=format-security         -fstack-clash-protection -fcf-protection         -fno-omit-frame-pointer -mno-omit-leaf-frame-pointer -Wp,-D_GLIBCXX_ASSERTIONS -g -ffile-prefix-map=/build/r/src=/usr/src/debug/r -flto=auto -ffat-lto-objects   -c uvutil.cpp -o uvutil.o
clang++ -I"/usr/include/R/" -DNDEBUG -pthread -I'/home/pacha/R/x86_64-pc-linux-gnu-library/4.6/later/include' -I'/home/pacha/R/x86_64-pc-linux-gnu-library/4.6/cpp11/include' -I/usr/local/include   -fvisibility=hidden -DSTRICT_R_HEADERS -fpic  -march=x86-64 -mtune=generic -O2 -pipe -fno-plt -fexceptions         -Wp,-D_FORTIFY_SOURCE=3 -Wformat -Werror=format-security         -fstack-clash-protection -fcf-protection         -fno-omit-frame-pointer -mno-omit-leaf-frame-pointer -Wp,-D_GLIBCXX_ASSERTIONS -g -ffile-prefix-map=/build/r/src=/usr/src/debug/r -flto=auto -ffat-lto-objects   -c webapplication.cpp -o webapplication.o
clang++ -I"/usr/include/R/" -DNDEBUG -pthread -I'/home/pacha/R/x86_64-pc-linux-gnu-library/4.6/later/include' -I'/home/pacha/R/x86_64-pc-linux-gnu-library/4.6/cpp11/include' -I/usr/local/include   -fvisibility=hidden -DSTRICT_R_HEADERS -fpic  -march=x86-64 -mtune=generic -O2 -pipe -fno-plt -fexceptions         -Wp,-D_FORTIFY_SOURCE=3 -Wformat -Werror=format-security         -fstack-clash-protection -fcf-protection         -fno-omit-frame-pointer -mno-omit-leaf-frame-pointer -Wp,-D_GLIBCXX_ASSERTIONS -g -ffile-prefix-map=/build/r/src=/usr/src/debug/r -flto=auto -ffat-lto-objects   -c websockets-base.cpp -o websockets-base.o
clang++ -I"/usr/include/R/" -DNDEBUG -pthread -I'/home/pacha/R/x86_64-pc-linux-gnu-library/4.6/later/include' -I'/home/pacha/R/x86_64-pc-linux-gnu-library/4.6/cpp11/include' -I/usr/local/include   -fvisibility=hidden -DSTRICT_R_HEADERS -fpic  -march=x86-64 -mtune=generic -O2 -pipe -fno-plt -fexceptions         -Wp,-D_FORTIFY_SOURCE=3 -Wformat -Werror=format-security         -fstack-clash-protection -fcf-protection         -fno-omit-frame-pointer -mno-omit-leaf-frame-pointer -Wp,-D_GLIBCXX_ASSERTIONS -g -ffile-prefix-map=/build/r/src=/usr/src/debug/r -flto=auto -ffat-lto-objects   -c websockets-hixie76.cpp -o websockets-hixie76.o
clang++ -I"/usr/include/R/" -DNDEBUG -pthread -I'/home/pacha/R/x86_64-pc-linux-gnu-library/4.6/later/include' -I'/home/pacha/R/x86_64-pc-linux-gnu-library/4.6/cpp11/include' -I/usr/local/include   -fvisibility=hidden -DSTRICT_R_HEADERS -fpic  -march=x86-64 -mtune=generic -O2 -pipe -fno-plt -fexceptions         -Wp,-D_FORTIFY_SOURCE=3 -Wformat -Werror=format-security         -fstack-clash-protection -fcf-protection         -fno-omit-frame-pointer -mno-omit-leaf-frame-pointer -Wp,-D_GLIBCXX_ASSERTIONS -g -ffile-prefix-map=/build/r/src=/usr/src/debug/r -flto=auto -ffat-lto-objects   -c websockets-hybi03.cpp -o websockets-hybi03.o
clang++ -I"/usr/include/R/" -DNDEBUG -pthread -I'/home/pacha/R/x86_64-pc-linux-gnu-library/4.6/later/include' -I'/home/pacha/R/x86_64-pc-linux-gnu-library/4.6/cpp11/include' -I/usr/local/include   -fvisibility=hidden -DSTRICT_R_HEADERS -fpic  -march=x86-64 -mtune=generic -O2 -pipe -fno-plt -fexceptions         -Wp,-D_FORTIFY_SOURCE=3 -Wformat -Werror=format-security         -fstack-clash-protection -fcf-protection         -fno-omit-frame-pointer -mno-omit-leaf-frame-pointer -Wp,-D_GLIBCXX_ASSERTIONS -g -ffile-prefix-map=/build/r/src=/usr/src/debug/r -flto=auto -ffat-lto-objects   -c websockets-ietf.cpp -o websockets-ietf.o
clang++ -I"/usr/include/R/" -DNDEBUG -pthread -I'/home/pacha/R/x86_64-pc-linux-gnu-library/4.6/later/include' -I'/home/pacha/R/x86_64-pc-linux-gnu-library/4.6/cpp11/include' -I/usr/local/include   -fvisibility=hidden -DSTRICT_R_HEADERS -fpic  -march=x86-64 -mtune=generic -O2 -pipe -fno-plt -fexceptions         -Wp,-D_FORTIFY_SOURCE=3 -Wformat -Werror=format-security         -fstack-clash-protection -fcf-protection         -fno-omit-frame-pointer -mno-omit-leaf-frame-pointer -Wp,-D_GLIBCXX_ASSERTIONS -g -ffile-prefix-map=/build/r/src=/usr/src/debug/r -flto=auto -ffat-lto-objects   -c websockets.cpp -o websockets.o
clang++ -I"/usr/include/R/" -DNDEBUG -pthread -I'/home/pacha/R/x86_64-pc-linux-gnu-library/4.6/later/include' -I'/home/pacha/R/x86_64-pc-linux-gnu-library/4.6/cpp11/include' -I/usr/local/include   -fvisibility=hidden -DSTRICT_R_HEADERS -fpic  -march=x86-64 -mtune=generic -O2 -pipe -fno-plt -fexceptions         -Wp,-D_FORTIFY_SOURCE=3 -Wformat -Werror=format-security         -fstack-clash-protection -fcf-protection         -fno-omit-frame-pointer -mno-omit-leaf-frame-pointer -Wp,-D_GLIBCXX_ASSERTIONS -g -ffile-prefix-map=/build/r/src=/usr/src/debug/r -flto=auto -ffat-lto-objects   -c winutils.cpp -o winutils.o
clang -I"/usr/include/R/" -DNDEBUG -pthread -I'/home/pacha/R/x86_64-pc-linux-gnu-library/4.6/later/include' -I'/home/pacha/R/x86_64-pc-linux-gnu-library/4.6/cpp11/include' -I/usr/local/include   -fvisibility=hidden -DSTRICT_R_HEADERS -fpic  -march=x86-64 -mtune=generic -O2 -pipe -fno-plt -fexceptions         -Wp,-D_FORTIFY_SOURCE=3 -Wformat -Werror=format-security         -fstack-clash-protection -fcf-protection         -fno-omit-frame-pointer -mno-omit-leaf-frame-pointer -g -ffile-prefix-map=/build/r/src=/usr/src/debug/r -flto=auto -ffat-lto-objects  -c http-parser/http_parser.c -o http-parser/http_parser.o
clang -I"/usr/include/R/" -DNDEBUG -pthread -I'/home/pacha/R/x86_64-pc-linux-gnu-library/4.6/later/include' -I'/home/pacha/R/x86_64-pc-linux-gnu-library/4.6/cpp11/include' -I/usr/local/include   -fvisibility=hidden -DSTRICT_R_HEADERS -fpic  -march=x86-64 -mtune=generic -O2 -pipe -fno-plt -fexceptions         -Wp,-D_FORTIFY_SOURCE=3 -Wformat -Werror=format-security         -fstack-clash-protection -fcf-protection         -fno-omit-frame-pointer -mno-omit-leaf-frame-pointer -g -ffile-prefix-map=/build/r/src=/usr/src/debug/r -flto=auto -ffat-lto-objects  -c sha1/sha1.c -o sha1/sha1.o
clang++ -I"/usr/include/R/" -DNDEBUG -pthread -I'/home/pacha/R/x86_64-pc-linux-gnu-library/4.6/later/include' -I'/home/pacha/R/x86_64-pc-linux-gnu-library/4.6/cpp11/include' -I/usr/local/include   -fvisibility=hidden -DSTRICT_R_HEADERS -fpic  -march=x86-64 -mtune=generic -O2 -pipe -fno-plt -fexceptions         -Wp,-D_FORTIFY_SOURCE=3 -Wformat -Werror=format-security         -fstack-clash-protection -fcf-protection         -fno-omit-frame-pointer -mno-omit-leaf-frame-pointer -Wp,-D_GLIBCXX_ASSERTIONS -g -ffile-prefix-map=/build/r/src=/usr/src/debug/r -flto=auto -ffat-lto-objects   -c base64/base64.cpp -o base64/base64.o
clang++ -shared -L/usr/lib64/R/lib -Wl,-O1 -Wl,--sort-common -Wl,--as-needed -Wl,-z,relro -Wl,-z,now -Wl,-z,pack-relative-relocs -flto=auto -o httpuv.so callback.o callbackqueue.o cpp11.o filedatasource-unix.o filedatasource-win.o fs.o gzipdatasource.o http.o httprequest.o httpresponse.o httpuv.o md5.o mime.o socket.o staticpath.o thread.o timegm.o utils.o uvutil.o webapplication.o websockets-base.o websockets-hixie76.o websockets-hybi03.o websockets-ietf.o websockets.o winutils.o -luv ./http-parser/http_parser.o ./sha1/sha1.o ./base64/base64.o -pthread -L/usr/lib64/R/lib -lR
make[1]: Leaving directory '/home/pacha/Documents/httpuv/httpuv.Rcheck/00_pkg_src/httpuv/src'
make[1]: Entering directory '/home/pacha/Documents/httpuv/httpuv.Rcheck/00_pkg_src/httpuv/src'
/usr/bin/nm: /home/pacha/Documents/httpuv/httpuv.Rcheck/00_pkg_src/httpuv/src/filedatasource-win.o: no symbols
/usr/bin/nm: /home/pacha/Documents/httpuv/httpuv.Rcheck/00_pkg_src/httpuv/src/winutils.o: no symbols
make[1]: Leaving directory '/home/pacha/Documents/httpuv/httpuv.Rcheck/00_pkg_src/httpuv/src'
installing to /home/pacha/Documents/httpuv/httpuv.Rcheck/00LOCK-httpuv/00new/httpuv/libs
** R
** demo
** inst
** byte-compile and prepare package for lazy loading
** help
*** installing help indices
** building package indices
** testing if installed package can be loaded from temporary location
** checking absolute paths in shared objects and dynamic libraries
** testing if installed package can be loaded from final location
** testing if installed package keeps a record of temporary installation path
* DONE (httpuv)
=== END 00install.out ===
R CMD check completed with no ERRORs. Warnings/Notes (if any) are allowed. See ./check-gcc-clang/check-CXX20-clang.log for full output.
Run complete.
